2026-09-20 23:10:09,532 - INFO - Starting data ingestion...
2026-09-21 15:46:49,089 - INFO - Starting data ingestion...
2026-09-21 15:53:31,184 - INFO - Starting data ingestion...
2026-09-21 15:53:31,865 - INFO - Raw records loaded: 103024
2026-09-21 15:53:31,866 - INFO - Starting data cleaning...
2026-09-21 15:53:33,090 - INFO - Cleaning completed: 103024 records
2026-09-21 15:53:33,115 - INFO - Starting data validation...
2026-09-21 15:53:33,184 - INFO - Validation completed: Valid=103024, Invalid=0
2026-09-21 15:53:33,186 - INFO - Starting transformation...
2026-09-21 15:53:33,283 - INFO - Transformation completed.
2026-09-21 15:53:35,149 - INFO - Processed data saved: C:\Users\HP\OneDrive\Desktop\RideFlow\data\processed\clean_bookings.csv
2026-09-21 15:53:35,149 - INFO - Loading data into SQLite...
2026-09-21 15:53:38,038 - INFO - SQLite loading completed.
2026-09-21 23:39:14,250 - INFO - Starting data ingestion...
2026-09-21 23:39:15,816 - INFO - Raw records loaded: 103024
2026-09-21 23:39:15,817 - INFO - Starting data cleaning...
2026-09-21 23:39:18,191 - INFO - Cleaning completed: 103024 records
2026-09-21 23:39:18,203 - INFO - Starting data validation...
2026-09-21 23:39:18,277 - INFO - Validation completed: Valid=103024, Invalid=0
2026-09-21 23:39:18,279 - INFO - Starting transformation...
2026-09-21 23:39:18,455 - INFO - Transformation completed.
2026-09-21 23:39:22,828 - INFO - Processed data saved: C:\Users\HP\OneDrive\Desktop\RideFlow\data\processed\clean_bookings.csv
2026-09-21 23:39:22,828 - INFO - Loading data into SQLite...
2026-09-21 23:39:25,839 - INFO - SQLite loading completed.
